============================= test session starts =============================
platform win32 -- Python 3.12.10, pytest-9.1.1, pluggy-1.6.0 -- C:\Users\00\AppData\Local\Microsoft\WindowsApps\PythonSoftwareFoundation.Python.3.12_qbz5n2kfra8p0\python.exe
cachedir: .pytest_cache
rootdir: C:\Users\00\Desktop\cmt-vs-vim
plugins: anyio-4.14.2
collecting ... collected 4 items

tests/test_e1.py::test_sweeps_the_five_resolutions_from_the_spec PASSED  [ 25%]
tests/test_e1.py::test_writes_one_row_per_model_resolution_pair 